{
  "version": "1.5.0",
  "plugins_used": [
    {
      "name": "ArtifactoryDetector"
    },
    {
      "name": "AWSKeyDetector"
    },
    {
      "name": "AzureStorageKeyDetector"
    },
    {
      "name": "Base64HighEntropyString",
      "limit": 4.5
    },
    {
      "name": "BasicAuthDetector"
    },
    {
      "name": "CloudantDetector"
    },
    {
      "name": "DiscordBotTokenDetector"
    },
    {
      "name": "GitHubTokenDetector"
    },
    {
      "name": "GitLabTokenDetector"
    },
    {
      "name": "HexHighEntropyString",
      "limit": 3.0
    },
    {
      "name": "IbmCloudIamDetector"
    },
    {
      "name": "IbmCosHmacDetector"
    },
    {
      "name": "IPPublicDetector"
    },
    {
      "name": "JwtTokenDetector"
    },
    {
      "name": "KeywordDetector",
      "keyword_exclude": ""
    },
    {
      "name": "MailchimpDetector"
    },
    {
      "name": "NpmDetector"
    },
    {
      "name": "OpenAIDetector"
    },
    {
      "name": "PrivateKeyDetector"
    },
    {
      "name": "PypiTokenDetector"
    },
    {
      "name": "SendGridDetector"
    },
    {
      "name": "SlackDetector"
    },
    {
      "name": "SoftlayerDetector"
    },
    {
      "name": "SquareOAuthDetector"
    },
    {
      "name": "StripeDetector"
    },
    {
      "name": "TelegramBotTokenDetector"
    },
    {
      "name": "TwilioKeyDetector"
    }
  ],
  "filters_used": [
    {
      "path": "detect_secrets.filters.allowlist.is_line_allowlisted"
    },
    {
      "path": "detect_secrets.filters.common.is_baseline_file",
      "filename": ".secrets.baseline"
    },
    {
      "path": "detect_secrets.filters.common.is_ignored_due_to_verification_policies",
      "min_level": 2
    },
    {
      "path": "detect_secrets.filters.heuristic.is_indirect_reference"
    },
    {
      "path": "detect_secrets.filters.heuristic.is_likely_id_string"
    },
    {
      "path": "detect_secrets.filters.heuristic.is_lock_file"
    },
    {
      "path": "detect_secrets.filters.heuristic.is_not_alphanumeric_string"
    },
    {
      "path": "detect_secrets.filters.heuristic.is_potential_uuid"
    },
    {
      "path": "detect_secrets.filters.heuristic.is_prefixed_with_dollar_sign"
    },
    {
      "path": "detect_secrets.filters.heuristic.is_sequential_string"
    },
    {
      "path": "detect_secrets.filters.heuristic.is_swagger_file"
    },
    {
      "path": "detect_secrets.filters.heuristic.is_templated_secret"
    },
    {
      "path": "detect_secrets.filters.regex.should_exclude_file",
      "pattern": [
        "uv\\.lock$",
        "\\.env\\.example$"
      ]
    }
  ],
  "results": {
    ".github\\workflows\\techdocs.yml": [
      {
        "type": "Secret Keyword",
        "filename": ".github\\workflows\\techdocs.yml",
        "hashed_secret": "3e26d6750975d678acb8fa35a0f69237881576b0",
        "is_verified": false,
        "line_number": 15
      }
    ],
    ".planning\\codebase\\INTEGRATIONS.md": [
      {
        "type": "Basic Auth Credentials",
        "filename": ".planning\\codebase\\INTEGRATIONS.md",
        "hashed_secret": "5baa61e4c9b93f3f0682250b6cf8331b7ee68fd8",
        "is_verified": false,
        "line_number": 60
      },
      {
        "type": "Secret Keyword",
        "filename": ".planning\\codebase\\INTEGRATIONS.md",
        "hashed_secret": "a0f1f81debc6b096a6e9179c37f3714350ba4a72",
        "is_verified": false,
        "line_number": 213
      },
      {
        "type": "Secret Keyword",
        "filename": ".planning\\codebase\\INTEGRATIONS.md",
        "hashed_secret": "5c6d28b558512131aa66d81aab95bb2ccb474801",
        "is_verified": false,
        "line_number": 225
      }
    ],
    ".planning\\phases\\01-schema-linx-e-refer-ncia-de-posi-o\\01-02-PLAN.md": [
      {
        "type": "Basic Auth Credentials",
        "filename": ".planning\\phases\\01-schema-linx-e-refer-ncia-de-posi-o\\01-02-PLAN.md",
        "hashed_secret": "f415700d4d0ce1c81810fe7553e3eea2bed16231",
        "is_verified": false,
        "line_number": 134
      }
    ],
    ".planning\\phases\\05-auth-otp-seed-jwt-fail-fast-security\\05-PATTERNS.md": [
      {
        "type": "Secret Keyword",
        "filename": ".planning\\phases\\05-auth-otp-seed-jwt-fail-fast-security\\05-PATTERNS.md",
        "hashed_secret": "a5c01e694764bcf09315443c6476e283e6f77906",
        "is_verified": false,
        "line_number": 333
      }
    ],
    ".planning\\phases\\16-persist-ncia-do-motivo-de-stand-by\\16-02-PLAN.md": [
      {
        "type": "Basic Auth Credentials",
        "filename": ".planning\\phases\\16-persist-ncia-do-motivo-de-stand-by\\16-02-PLAN.md",
        "hashed_secret": "f415700d4d0ce1c81810fe7553e3eea2bed16231",
        "is_verified": false,
        "line_number": 111
      }
    ],
    ".planning\\quick\\260827-emo-proteger-endpoint-get-metrics-com-guard-\\260827-emo-SUMMARY.md": [
      {
        "type": "Secret Keyword",
        "filename": ".planning\\quick\\260827-emo-proteger-endpoint-get-metrics-com-guard-\\260827-emo-SUMMARY.md",
        "hashed_secret": "4ffb6e235b81b19766e03609f4ebb91586147d76",
        "is_verified": false,
        "line_number": 95
      }
    ],
    "alembic.ini": [
      {
        "type": "Basic Auth Credentials",
        "filename": "alembic.ini",
        "hashed_secret": "9d4e1e23bd5b727046a9e3b4b7db57bd8d6ee684",
        "is_verified": false,
        "line_number": 6
      }
    ],
    "app\\shared\\metrics\\security.py": [
      {
        "type": "Secret Keyword",
        "filename": "app\\shared\\metrics\\security.py",
        "hashed_secret": "2fa98fded6c64a6456cbf342308570d7a9444b17",
        "is_verified": false,
        "line_number": 23
      }
    ],
    "app\\tests\\test_comunicacoes.py": [
      {
        "type": "Secret Keyword",
        "filename": "app\\tests\\test_comunicacoes.py",
        "hashed_secret": "f734a80b8c4e5f25e19cd8f5ca9b18651fb6ee52",
        "is_verified": false,
        "line_number": 466
      }
    ],
    "app\\tests\\test_comunicacoes_delivery.py": [
      {
        "type": "Secret Keyword",
        "filename": "app\\tests\\test_comunicacoes_delivery.py",
        "hashed_secret": "4727faa863d2671f91d674872e460511a258b766",
        "is_verified": false,
        "line_number": 258
      },
      {
        "type": "Secret Keyword",
        "filename": "app\\tests\\test_comunicacoes_delivery.py",
        "hashed_secret": "7751a23fa55170a57e90374df13a3ab78efe0e99",
        "is_verified": false,
        "line_number": 296
      }
    ],
    "app\\tests\\test_database_options.py": [
      {
        "type": "Basic Auth Credentials",
        "filename": "app\\tests\\test_database_options.py",
        "hashed_secret": "1d50206f68306f5c961cdf20d3f9293a05e8ab40",
        "is_verified": false,
        "line_number": 12
      },
      {
        "type": "Secret Keyword",
        "filename": "app\\tests\\test_database_options.py",
        "hashed_secret": "04d49b269fc0fbfcfe51ceb9280b4c0055c219e4",
        "is_verified": false,
        "line_number": 80
      },
      {
        "type": "Secret Keyword",
        "filename": "app\\tests\\test_database_options.py",
        "hashed_secret": "9c6fb1a22a9a8663628a1596a08e8ccfc3c50dfc",
        "is_verified": false,
        "line_number": 95
      },
      {
        "type": "Secret Keyword",
        "filename": "app\\tests\\test_database_options.py",
        "hashed_secret": "9c3fd83c933d11558754b59afd09cd7e239b3c0e",
        "is_verified": false,
        "line_number": 102
      },
      {
        "type": "Secret Keyword",
        "filename": "app\\tests\\test_database_options.py",
        "hashed_secret": "4ffb6e235b81b19766e03609f4ebb91586147d76",
        "is_verified": false,
        "line_number": 103
      }
    ],
    "app\\tests\\test_databricks_client.py": [
      {
        "type": "Secret Keyword",
        "filename": "app\\tests\\test_databricks_client.py",
        "hashed_secret": "800c2db5edf8c3a2572c0468f08030ab479c29d0",
        "is_verified": false,
        "line_number": 245
      }
    ],
    "app\\tests\\test_main_hardening.py": [
      {
        "type": "Basic Auth Credentials",
        "filename": "app\\tests\\test_main_hardening.py",
        "hashed_secret": "bead0cc79a9a487a04e34a772179ecdd46df9404",
        "is_verified": false,
        "line_number": 31
      }
    ],
    "app\\tests\\test_metrics_guard.py": [
      {
        "type": "Basic Auth Credentials",
        "filename": "app\\tests\\test_metrics_guard.py",
        "hashed_secret": "bead0cc79a9a487a04e34a772179ecdd46df9404",
        "is_verified": false,
        "line_number": 45
      },
      {
        "type": "Secret Keyword",
        "filename": "app\\tests\\test_metrics_guard.py",
        "hashed_secret": "2b5a50b4f22b63f18395269dc006773391da5e49",
        "is_verified": false,
        "line_number": 63
      }
    ],
    "app\\tests\\test_pedidos_read_projection.py": [
      {
        "type": "Secret Keyword",
        "filename": "app\\tests\\test_pedidos_read_projection.py",
        "hashed_secret": "fe1bae27cb7c1fb823f496f286e78f1d2ae87734",
        "is_verified": false,
        "line_number": 462
      }
    ],
    "app\\tests\\test_realtime_domain.py": [
      {
        "type": "Secret Keyword",
        "filename": "app\\tests\\test_realtime_domain.py",
        "hashed_secret": "52c1578d2e95a5ac635ff606d06237bcc36243d2",
        "is_verified": false,
        "line_number": 488
      },
      {
        "type": "Basic Auth Credentials",
        "filename": "app\\tests\\test_realtime_domain.py",
        "hashed_secret": "12dea96fec20593566ab75692c9949596833adc9",
        "is_verified": false,
        "line_number": 504
      }
    ]
  },
  "generated_at": "2026-09-17T18:12:13Z"
}
